['_infer_caller_from_stack', '_build_llm_kwargs', 'llm_completion', 'toc_detector_single_page', 'find_toc_pages', 'check_toc', 'tree_parser', 'page_index_builder', 'run', 'page_index_main', 'page_index', 'run_pageindex_job', 'run', '_bootstrap_inner', '_bootstrap']
['_infer_caller_from_stack', '_build_llm_kwargs', 'llm_completion', 'toc_detector_single_page', 'find_toc_pages', 'check_toc', 'tree_parser', 'page_index_builder', 'run', 'page_index_main', 'page_index', 'run_pageindex_job', 'run', '_bootstrap_inner', '_bootstrap']
['_infer_caller_from_stack', '_build_llm_kwargs', 'llm_completion', 'toc_detector_single_page', 'find_toc_pages', 'check_toc', 'tree_parser', 'page_index_builder', 'run', 'page_index_main', 'page_index', 'run_pageindex_job', 'run', '_bootstrap_inner', '_bootstrap']
['_infer_caller_from_stack', '_build_llm_kwargs', 'llm_completion', 'detect_page_index', 'toc_extractor', 'check_toc', 'tree_parser', 'page_index_builder', 'run', 'page_index_main', 'page_index', 'run_pageindex_job', 'run', '_bootstrap_inner', '_bootstrap']
['_infer_caller_from_stack', '_build_llm_kwargs', 'llm_completion', 'toc_detector_single_page', 'find_toc_pages', 'check_toc', 'tree_parser', 'page_index_builder', 'run', 'page_index_main', 'page_index', 'run_pageindex_job', 'run', '_bootstrap_inner', '_bootstrap']
['_infer_caller_from_stack', '_build_llm_kwargs', 'llm_completion', 'toc_detector_single_page', 'find_toc_pages', 'check_toc', 'tree_parser', 'page_index_builder', 'run', 'page_index_main', 'page_index', 'run_pageindex_job', 'run', '_bootstrap_inner', '_bootstrap']
['_infer_caller_from_stack', '_build_llm_kwargs', 'llm_completion', 'toc_detector_single_page', 'find_toc_pages', 'check_toc', 'tree_parser', 'page_index_builder', 'run', 'page_index_main', 'page_index', 'run_pageindex_job', 'run', '_bootstrap_inner', '_bootstrap']
['_infer_caller_from_stack', '_build_llm_kwargs', 'llm_completion', 'detect_page_index', 'toc_extractor', 'check_toc', 'tree_parser', 'page_index_builder', 'run', 'page_index_main', 'page_index', 'run_pageindex_job', 'run', '_bootstrap_inner', '_bootstrap']
['_infer_caller_from_stack', '_build_llm_kwargs', 'llm_completion', 'toc_detector_single_page', 'find_toc_pages', 'check_toc', 'tree_parser', 'page_index_builder', 'run', 'page_index_main', 'page_index', 'run_pageindex_job', 'run', '_bootstrap_inner', '_bootstrap']
['_infer_caller_from_stack', '_build_llm_kwargs', 'llm_completion', 'toc_detector_single_page', 'find_toc_pages', 'check_toc', 'tree_parser', 'page_index_builder', 'run', 'page_index_main', 'page_index', 'run_pageindex_job', 'run', '_bootstrap_inner', '_bootstrap']
['_infer_caller_from_stack', '_build_llm_kwargs', 'llm_completion', 'toc_detector_single_page', 'find_toc_pages', 'check_toc', 'tree_parser', 'page_index_builder', 'run', 'page_index_main', 'page_index', 'run_pageindex_job', 'run', '_bootstrap_inner', '_bootstrap']
['_infer_caller_from_stack', '_build_llm_kwargs', 'llm_completion', 'detect_page_index', 'toc_extractor', 'check_toc', 'tree_parser', 'page_index_builder', 'run', 'page_index_main', 'page_index', 'run_pageindex_job', 'run', '_bootstrap_inner', '_bootstrap']
['_infer_caller_from_stack', '_build_llm_kwargs', 'llm_completion', 'toc_detector_single_page', 'find_toc_pages', 'check_toc', 'tree_parser', 'page_index_builder', 'run', 'page_index_main', 'page_index', 'run_pageindex_job', 'run', '_bootstrap_inner', '_bootstrap']
['_infer_caller_from_stack', '_build_llm_kwargs', 'llm_completion', 'toc_detector_single_page', 'find_toc_pages', 'check_toc', 'tree_parser', 'page_index_builder', 'run', 'page_index_main', 'page_index', 'run_pageindex_job', 'run', '_bootstrap_inner', '_bootstrap']
['_infer_caller_from_stack', '_build_llm_kwargs', 'llm_completion', 'generate_toc_init', 'process_no_toc', 'meta_processor', 'tree_parser', 'page_index_builder', 'run', 'page_index_main', 'page_index', 'run_pageindex_job', 'run', '_bootstrap_inner', '_bootstrap']
['_infer_caller_from_stack', '_build_llm_kwargs', 'llm_acompletion', 'check_title_appearance', 'run', 'page_index_main', 'page_index', 'run_pageindex_job', 'run', '_bootstrap_inner', '_bootstrap']
['_infer_caller_from_stack', '_build_llm_kwargs', 'llm_acompletion', 'check_title_appearance', 'run', 'page_index_main', 'page_index', 'run_pageindex_job', 'run', '_bootstrap_inner', '_bootstrap']
['_infer_caller_from_stack', '_build_llm_kwargs', 'llm_acompletion', 'check_title_appearance', 'run', 'page_index_main', 'page_index', 'run_pageindex_job', 'run', '_bootstrap_inner', '_bootstrap']
['_infer_caller_from_stack', '_build_llm_kwargs', 'llm_acompletion', 'check_title_appearance', 'run', 'page_index_main', 'page_index', 'run_pageindex_job', 'run', '_bootstrap_inner', '_bootstrap']
['_infer_caller_from_stack', '_build_llm_kwargs', 'llm_acompletion', 'check_title_appearance', 'run', 'page_index_main', 'page_index', 'run_pageindex_job', 'run', '_bootstrap_inner', '_bootstrap']
['_infer_caller_from_stack', '_build_llm_kwargs', 'llm_acompletion', 'check_title_appearance', 'run', 'page_index_main', 'page_index', 'run_pageindex_job', 'run', '_bootstrap_inner', '_bootstrap']
['_infer_caller_from_stack', '_build_llm_kwargs', 'llm_acompletion', 'check_title_appearance', 'run', 'page_index_main', 'page_index', 'run_pageindex_job', 'run', '_bootstrap_inner', '_bootstrap']
['_infer_caller_from_stack', '_build_llm_kwargs', 'llm_acompletion', 'check_title_appearance', 'run', 'page_index_main', 'page_index', 'run_pageindex_job', 'run', '_bootstrap_inner', '_bootstrap']
['_infer_caller_from_stack', '_build_llm_kwargs', 'llm_acompletion', 'check_title_appearance', 'run', 'page_index_main', 'page_index', 'run_pageindex_job', 'run', '_bootstrap_inner', '_bootstrap']
['_infer_caller_from_stack', '_build_llm_kwargs', 'llm_acompletion', 'check_title_appearance', 'run', 'page_index_main', 'page_index', 'run_pageindex_job', 'run', '_bootstrap_inner', '_bootstrap']
['_infer_caller_from_stack', '_build_llm_kwargs', 'llm_acompletion', 'check_title_appearance', 'run', 'page_index_main', 'page_index', 'run_pageindex_job', 'run', '_bootstrap_inner', '_bootstrap']
['_infer_caller_from_stack', '_build_llm_kwargs', 'llm_acompletion', 'check_title_appearance', 'run', 'page_index_main', 'page_index', 'run_pageindex_job', 'run', '_bootstrap_inner', '_bootstrap']
['_infer_caller_from_stack', '_build_llm_kwargs', 'llm_acompletion', 'check_title_appearance', 'run', 'page_index_main', 'page_index', 'run_pageindex_job', 'run', '_bootstrap_inner', '_bootstrap']
['_infer_caller_from_stack', '_build_llm_kwargs', 'llm_acompletion', 'check_title_appearance', 'run', 'page_index_main', 'page_index', 'run_pageindex_job', 'run', '_bootstrap_inner', '_bootstrap']
['_infer_caller_from_stack', '_build_llm_kwargs', 'llm_acompletion', 'check_title_appearance', 'run', 'page_index_main', 'page_index', 'run_pageindex_job', 'run', '_bootstrap_inner', '_bootstrap']
['_infer_caller_from_stack', '_build_llm_kwargs', 'llm_acompletion', 'check_title_appearance', 'run', 'page_index_main', 'page_index', 'run_pageindex_job', 'run', '_bootstrap_inner', '_bootstrap']
['_infer_caller_from_stack', '_build_llm_kwargs', 'llm_acompletion', 'check_title_appearance', 'run', 'page_index_main', 'page_index', 'run_pageindex_job', 'run', '_bootstrap_inner', '_bootstrap']
['_infer_caller_from_stack', '_build_llm_kwargs', 'llm_acompletion', 'check_title_appearance', 'run', 'page_index_main', 'page_index', 'run_pageindex_job', 'run', '_bootstrap_inner', '_bootstrap']
['_infer_caller_from_stack', '_build_llm_kwargs', 'llm_acompletion', 'check_title_appearance', 'run', 'page_index_main', 'page_index', 'run_pageindex_job', 'run', '_bootstrap_inner', '_bootstrap']
['_infer_caller_from_stack', '_build_llm_kwargs', 'llm_acompletion', 'check_title_appearance', 'run', 'page_index_main', 'page_index', 'run_pageindex_job', 'run', '_bootstrap_inner', '_bootstrap']
['_infer_caller_from_stack', '_build_llm_kwargs', 'llm_acompletion', 'check_title_appearance_in_start', 'run', 'page_index_main', 'page_index', 'run_pageindex_job', 'run', '_bootstrap_inner', '_bootstrap']
['_infer_caller_from_stack', '_build_llm_kwargs', 'llm_acompletion', 'check_title_appearance_in_start', 'run', 'page_index_main', 'page_index', 'run_pageindex_job', 'run', '_bootstrap_inner', '_bootstrap']
['_infer_caller_from_stack', '_build_llm_kwargs', 'llm_acompletion', 'check_title_appearance_in_start', 'run', 'page_index_main', 'page_index', 'run_pageindex_job', 'run', '_bootstrap_inner', '_bootstrap']
['_infer_caller_from_stack', '_build_llm_kwargs', 'llm_acompletion', 'check_title_appearance_in_start', 'run', 'page_index_main', 'page_index', 'run_pageindex_job', 'run', '_bootstrap_inner', '_bootstrap']
['_infer_caller_from_stack', '_build_llm_kwargs', 'llm_acompletion', 'check_title_appearance_in_start', 'run', 'page_index_main', 'page_index', 'run_pageindex_job', 'run', '_bootstrap_inner', '_bootstrap']
['_infer_caller_from_stack', '_build_llm_kwargs', 'llm_acompletion', 'check_title_appearance_in_start', 'run', 'page_index_main', 'page_index', 'run_pageindex_job', 'run', '_bootstrap_inner', '_bootstrap']
['_infer_caller_from_stack', '_build_llm_kwargs', 'llm_acompletion', 'check_title_appearance_in_start', 'run', 'page_index_main', 'page_index', 'run_pageindex_job', 'run', '_bootstrap_inner', '_bootstrap']
['_infer_caller_from_stack', '_build_llm_kwargs', 'llm_acompletion', 'check_title_appearance_in_start', 'run', 'page_index_main', 'page_index', 'run_pageindex_job', 'run', '_bootstrap_inner', '_bootstrap']
['_infer_caller_from_stack', '_build_llm_kwargs', 'llm_acompletion', 'check_title_appearance_in_start', 'run', 'page_index_main', 'page_index', 'run_pageindex_job', 'run', '_bootstrap_inner', '_bootstrap']
['_infer_caller_from_stack', '_build_llm_kwargs', 'llm_acompletion', 'check_title_appearance_in_start', 'run', 'page_index_main', 'page_index', 'run_pageindex_job', 'run', '_bootstrap_inner', '_bootstrap']
['_infer_caller_from_stack', '_build_llm_kwargs', 'llm_acompletion', 'check_title_appearance_in_start', 'run', 'page_index_main', 'page_index', 'run_pageindex_job', 'run', '_bootstrap_inner', '_bootstrap']
['_infer_caller_from_stack', '_build_llm_kwargs', 'llm_acompletion', 'check_title_appearance_in_start', 'run', 'page_index_main', 'page_index', 'run_pageindex_job', 'run', '_bootstrap_inner', '_bootstrap']
['_infer_caller_from_stack', '_build_llm_kwargs', 'llm_acompletion', 'check_title_appearance_in_start', 'run', 'page_index_main', 'page_index', 'run_pageindex_job', 'run', '_bootstrap_inner', '_bootstrap']
['_infer_caller_from_stack', '_build_llm_kwargs', 'llm_acompletion', 'check_title_appearance_in_start', 'run', 'page_index_main', 'page_index', 'run_pageindex_job', 'run', '_bootstrap_inner', '_bootstrap']
['_infer_caller_from_stack', '_build_llm_kwargs', 'llm_acompletion', 'check_title_appearance_in_start', 'run', 'page_index_main', 'page_index', 'run_pageindex_job', 'run', '_bootstrap_inner', '_bootstrap']
['_infer_caller_from_stack', '_build_llm_kwargs', 'llm_acompletion', 'check_title_appearance_in_start', 'run', 'page_index_main', 'page_index', 'run_pageindex_job', 'run', '_bootstrap_inner', '_bootstrap']
['_infer_caller_from_stack', '_build_llm_kwargs', 'llm_acompletion', 'check_title_appearance_in_start', 'run', 'page_index_main', 'page_index', 'run_pageindex_job', 'run', '_bootstrap_inner', '_bootstrap']
['_infer_caller_from_stack', '_build_llm_kwargs', 'llm_acompletion', 'check_title_appearance_in_start', 'run', 'page_index_main', 'page_index', 'run_pageindex_job', 'run', '_bootstrap_inner', '_bootstrap']
['_infer_caller_from_stack', '_build_llm_kwargs', 'llm_acompletion', 'check_title_appearance_in_start', 'run', 'page_index_main', 'page_index', 'run_pageindex_job', 'run', '_bootstrap_inner', '_bootstrap']
['_infer_caller_from_stack', '_build_llm_kwargs', 'llm_acompletion', 'check_title_appearance_in_start', 'run', 'page_index_main', 'page_index', 'run_pageindex_job', 'run', '_bootstrap_inner', '_bootstrap']
['_infer_caller_from_stack', '_build_llm_kwargs', 'llm_acompletion', 'generate_node_summary', 'run', 'page_index_main', 'page_index', 'run_pageindex_job', 'run', '_bootstrap_inner', '_bootstrap']
['_infer_caller_from_stack', '_build_llm_kwargs', 'llm_acompletion', 'generate_node_summary', 'run', 'page_index_main', 'page_index', 'run_pageindex_job', 'run', '_bootstrap_inner', '_bootstrap']
['_infer_caller_from_stack', '_build_llm_kwargs', 'llm_acompletion', 'generate_node_summary', 'run', 'page_index_main', 'page_index', 'run_pageindex_job', 'run', '_bootstrap_inner', '_bootstrap']
['_infer_caller_from_stack', '_build_llm_kwargs', 'llm_acompletion', 'generate_node_summary', 'run', 'page_index_main', 'page_index', 'run_pageindex_job', 'run', '_bootstrap_inner', '_bootstrap']
['_infer_caller_from_stack', '_build_llm_kwargs', 'llm_acompletion', 'generate_node_summary', 'run', 'page_index_main', 'page_index', 'run_pageindex_job', 'run', '_bootstrap_inner', '_bootstrap']
['_infer_caller_from_stack', '_build_llm_kwargs', 'llm_acompletion', 'generate_node_summary', 'run', 'page_index_main', 'page_index', 'run_pageindex_job', 'run', '_bootstrap_inner', '_bootstrap']
['_infer_caller_from_stack', '_build_llm_kwargs', 'llm_acompletion', 'generate_node_summary', 'run', 'page_index_main', 'page_index', 'run_pageindex_job', 'run', '_bootstrap_inner', '_bootstrap']
['_infer_caller_from_stack', '_build_llm_kwargs', 'llm_acompletion', 'generate_node_summary', 'run', 'page_index_main', 'page_index', 'run_pageindex_job', 'run', '_bootstrap_inner', '_bootstrap']
['_infer_caller_from_stack', '_build_llm_kwargs', 'llm_acompletion', 'generate_node_summary', 'run', 'page_index_main', 'page_index', 'run_pageindex_job', 'run', '_bootstrap_inner', '_bootstrap']
['_infer_caller_from_stack', '_build_llm_kwargs', 'llm_acompletion', 'generate_node_summary', 'run', 'page_index_main', 'page_index', 'run_pageindex_job', 'run', '_bootstrap_inner', '_bootstrap']
['_infer_caller_from_stack', '_build_llm_kwargs', 'llm_acompletion', 'generate_node_summary', 'run', 'page_index_main', 'page_index', 'run_pageindex_job', 'run', '_bootstrap_inner', '_bootstrap']
['_infer_caller_from_stack', '_build_llm_kwargs', 'llm_acompletion', 'generate_node_summary', 'run', 'page_index_main', 'page_index', 'run_pageindex_job', 'run', '_bootstrap_inner', '_bootstrap']
['_infer_caller_from_stack', '_build_llm_kwargs', 'llm_acompletion', 'generate_node_summary', 'run', 'page_index_main', 'page_index', 'run_pageindex_job', 'run', '_bootstrap_inner', '_bootstrap']
['_infer_caller_from_stack', '_build_llm_kwargs', 'llm_acompletion', 'generate_node_summary', 'run', 'page_index_main', 'page_index', 'run_pageindex_job', 'run', '_bootstrap_inner', '_bootstrap']
['_infer_caller_from_stack', '_build_llm_kwargs', 'llm_acompletion', 'generate_node_summary', 'run', 'page_index_main', 'page_index', 'run_pageindex_job', 'run', '_bootstrap_inner', '_bootstrap']
['_infer_caller_from_stack', '_build_llm_kwargs', 'llm_acompletion', 'generate_node_summary', 'run', 'page_index_main', 'page_index', 'run_pageindex_job', 'run', '_bootstrap_inner', '_bootstrap']
['_infer_caller_from_stack', '_build_llm_kwargs', 'llm_acompletion', 'generate_node_summary', 'run', 'page_index_main', 'page_index', 'run_pageindex_job', 'run', '_bootstrap_inner', '_bootstrap']
['_infer_caller_from_stack', '_build_llm_kwargs', 'llm_acompletion', 'generate_node_summary', 'run', 'page_index_main', 'page_index', 'run_pageindex_job', 'run', '_bootstrap_inner', '_bootstrap']
['_infer_caller_from_stack', '_build_llm_kwargs', 'llm_acompletion', 'generate_node_summary', 'run', 'page_index_main', 'page_index', 'run_pageindex_job', 'run', '_bootstrap_inner', '_bootstrap']
['_infer_caller_from_stack', '_build_llm_kwargs', 'llm_acompletion', 'generate_node_summary', 'run', 'page_index_main', 'page_index', 'run_pageindex_job', 'run', '_bootstrap_inner', '_bootstrap']
